// Jest Snapshot v1, https://goo.gl/fbAQLP

exports[`home page test 1`] = `"UmiJSDocsConfigAPIGuidePluginsv2.xGitHub‰∏≠ÊñáUmiJSüçôExtensibleenterprise-levelfront-endapplicationframework.GetStarted‚ÜíExtensibleUmiimplementsthecompletelifecycleandmakesitextensible,andUmi'sinternalfunctionsareallplugins.Umialsosupportpluginsandpresets.OutoftheBoxUmihasbuilt-inrouting,building,deployment,testing,andsoon.Itonlyrequiresonedependencytogetstarted.UmialsoprovidesanintegratedpresetforReactwithrichfunctionaries.EnterpriseIthasbeenverifiedby3000+projectsinAntFinancialandprojectsofAlibaba,Youku,Netease,È£ûÁå™,KouBeiandothercompanies.SelfDevelopmentIncludingmicrofrontendlibrary,componentpackaging,documentationtools,requestlibrary,hookslibrary,dataflow,etc.PerfectRoutingSupportsbothconfigurationroutingandconventionrouting,whilewithfunctionalcompleteness,suchasdynamicrouting,nestedrouting,permissionrouting,andsoon.FutureReadyUmi'scommunityisalsoexploringnewtechnologies.Forexample,modernmode,webpack@5,automatedexternal,bundlerless,etc.GettingStartedin3minutesManually,#Createdirectory$mkdirmyapp&&cdmyapp#Installdependency$yarnaddumi#Createpage$npxumigpageindex--typescript--less#Startdevelopment$npxumidevOrGettingStartedwithBoilerplate.ContributorsThisprojectexiststhankstoallthepeoplewhocontribute.Joinus!FeedbackGithubIssueDingTalkWechatumijs/umi/issuesOpen-sourceMITLicensed|Copyright¬©2017-presentPoweredbydumi."`;
